// Jest Snapshot v1, https://goo.gl/fbAQLP

exports[`Portal should return a valid portal 1`] = `
<Portal
  containerInfo={<div />}
>
  Content
</Portal>
`;

exports[`Portal should return a valid portal with two childs 1`] = `
<div>
  <Portal>
    Content
  </Portal>
  <Portal>
    Content 2
  </Portal>
</div>
`;
